# IHK Beispiel 1

3 4 5
Gewonnene Spiele Spieler1: 100.0%
Verlorene Spiele Spieler1: 0.0%
Beispiel eines von Spieler1 gewonnenen Spiels:
Zug1 , Spieler1 : (3, 4, 5) -> (0, 4, 5)
Zug2 , Spieler2 : (0, 4, 5) -> (0, 1, 5)
Zug3 , Spieler1 : (0, 1, 5) -> (0, 1, 1)
Zug4 , Spieler2 : (0, 1, 1) -> (0, 1, 0)
Zug5 , Spieler1 : (0, 1, 0) -> (0, 0, 0)
Beispiel eines von Spieler1 verlorenen Spiels:
nicht vorhanden
