# IHK Beispiel 4

1 2 3 4 5 6 7 8 9
Gewonnene Spiele Spieler1: 100.0%
Verlorene Spiele Spieler1: 0.0%
Beispiel eines von Spieler1 gewonnenen Spiels:
Zug1 , Spieler1 : (1, 2, 3, 4, 5, 6, 7, 8, 9) -> (0, 2, 3, 4, 5, 6, 7, 8, 9)
Zug2 , Spieler2 : (0, 2, 3, 4, 5, 6, 7, 8, 9) -> (0, 2, 3, 2, 5, 6, 7, 8, 9)
Zug3 , Spieler1 : (0, 2, 3, 2, 5, 6, 7, 8, 9) -> (0, 0, 3, 2, 5, 6, 7, 8, 9)
Zug4 , Spieler2 : (0, 0, 3, 2, 5, 6, 7, 8, 9) -> (0, 0, 3, 2, 4, 6, 7, 8, 9)
Zug5 , Spieler1 : (0, 0, 3, 2, 4, 6, 7, 8, 9) -> (0, 0, 3, 0, 4, 6, 7, 8, 9)
Zug6 , Spieler2 : (0, 0, 3, 0, 4, 6, 7, 8, 9) -> (0, 0, 3, 0, 4, 6, 7, 5, 9)
Zug7 , Spieler1 : (0, 0, 3, 0, 4, 6, 7, 5, 9) -> (0, 0, 0, 0, 4, 6, 7, 5, 9)
Zug8 , Spieler2 : (0, 0, 0, 0, 4, 6, 7, 5, 9) -> (0, 0, 0, 0, 4, 3, 7, 5, 9)
Zug9 , Spieler1 : (0, 0, 0, 0, 4, 3, 7, 5, 9) -> (0, 0, 0, 0, 4, 0, 7, 5, 9)
Zug10 , Spieler2 : (0, 0, 0, 0, 4, 0, 7, 5, 9) -> (0, 0, 0, 0, 4, 0, 3, 5, 9)
Zug11 , Spieler1 : (0, 0, 0, 0, 4, 0, 3, 5, 9) -> (0, 0, 0, 0, 4, 0, 0, 5, 9)
Zug12 , Spieler2 : (0, 0, 0, 0, 4, 0, 0, 5, 9) -> (0, 0, 0, 0, 4, 0, 0, 1, 9)
Zug13 , Spieler1 : (0, 0, 0, 0, 4, 0, 0, 1, 9) -> (0, 0, 0, 0, 4, 0, 0, 0, 9)
Zug14 , Spieler2 : (0, 0, 0, 0, 4, 0, 0, 0, 9) -> (0, 0, 0, 0, 4, 0, 0, 0, 3)
Zug15 , Spieler1 : (0, 0, 0, 0, 4, 0, 0, 0, 3) -> (0, 0, 0, 0, 3, 0, 0, 0, 3)
Zug16 , Spieler2 : (0, 0, 0, 0, 3, 0, 0, 0, 3) -> (0, 0, 0, 0, 0, 0, 0, 0, 3)
Zug17 , Spieler1 : (0, 0, 0, 0, 0, 0, 0, 0, 3) -> (0, 0, 0, 0, 0, 0, 0, 0, 0)
Beispiel eines von Spieler1 verlorenen Spiels:
nicht vorhanden
