# IHK Beispiel 5

1 3 6 4
Gewonnene Spiele Spieler1: 100.0%
Verlorene Spiele Spieler1: 0.0%
Beispiel eines von Spieler1 gewonnenen Spiels:
Zug1 , Spieler1 : (1, 3, 6, 4) -> (0, 3, 6, 4)
Zug2 , Spieler2 : (0, 3, 6, 4) -> (0, 3, 0, 4)
Zug3 , Spieler1 : (0, 3, 0, 4) -> (0, 3, 0, 3)
Zug4 , Spieler2 : (0, 3, 0, 3) -> (0, 1, 0, 3)
Zug5 , Spieler1 : (0, 1, 0, 3) -> (0, 1, 0, 1)
Zug6 , Spieler2 : (0, 1, 0, 1) -> (0, 0, 0, 1)
Zug7 , Spieler1 : (0, 0, 0, 1) -> (0, 0, 0, 0)
Beispiel eines von Spieler1 verlorenen Spiels:
nicht vorhanden
