# neunter Test

3 4 5 3 4 6 8 2 7
Gewonnene Spiele Spieler1: 100.0%
Verlorene Spiele Spieler1: 0.0%
Beispiel eines von Spieler1 gewonnenen Spiels:
Zug1 , Spieler1 : (3, 4, 5, 3, 4, 6, 8, 2, 7) -> (3, 4, 5, 3, 4, 6, 8, 0, 7)
Zug2 , Spieler2 : (3, 4, 5, 3, 4, 6, 8, 0, 7) -> (3, 4, 5, 3, 4, 6, 5, 0, 7)
Zug3 , Spieler1 : (3, 4, 5, 3, 4, 6, 5, 0, 7) -> (0, 4, 5, 3, 4, 6, 5, 0, 7)
Zug4 , Spieler2 : (0, 4, 5, 3, 4, 6, 5, 0, 7) -> (0, 4, 5, 3, 4, 4, 5, 0, 7)
Zug5 , Spieler1 : (0, 4, 5, 3, 4, 4, 5, 0, 7) -> (0, 4, 5, 0, 4, 4, 5, 0, 7)
Zug6 , Spieler2 : (0, 4, 5, 0, 4, 4, 5, 0, 7) -> (0, 4, 5, 0, 4, 4, 0, 0, 7)
Zug7 , Spieler1 : (0, 4, 5, 0, 4, 4, 0, 0, 7) -> (0, 0, 5, 0, 4, 4, 0, 0, 7)
Zug8 , Spieler2 : (0, 0, 5, 0, 4, 4, 0, 0, 7) -> (0, 0, 5, 0, 0, 4, 0, 0, 7)
Zug9 , Spieler1 : (0, 0, 5, 0, 0, 4, 0, 0, 7) -> (0, 0, 5, 0, 0, 0, 0, 0, 7)
Zug10 , Spieler2 : (0, 0, 5, 0, 0, 0, 0, 0, 7) -> (0, 0, 4, 0, 0, 0, 0, 0, 7)
Zug11 , Spieler1 : (0, 0, 4, 0, 0, 0, 0, 0, 7) -> (0, 0, 4, 0, 0, 0, 0, 0, 4)
Zug12 , Spieler2 : (0, 0, 4, 0, 0, 0, 0, 0, 4) -> (0, 0, 3, 0, 0, 0, 0, 0, 4)
Zug13 , Spieler1 : (0, 0, 3, 0, 0, 0, 0, 0, 4) -> (0, 0, 3, 0, 0, 0, 0, 0, 3)
Zug14 , Spieler2 : (0, 0, 3, 0, 0, 0, 0, 0, 3) -> (0, 0, 1, 0, 0, 0, 0, 0, 3)
Zug15 , Spieler1 : (0, 0, 1, 0, 0, 0, 0, 0, 3) -> (0, 0, 1, 0, 0, 0, 0, 0, 1)
Zug16 , Spieler2 : (0, 0, 1, 0, 0, 0, 0, 0, 1) -> (0, 0, 1, 0, 0, 0, 0, 0, 0)
Zug17 , Spieler1 : (0, 0, 1, 0, 0, 0, 0, 0, 0) -> (0, 0, 0, 0, 0, 0, 0, 0, 0)
Beispiel eines von Spieler1 verlorenen Spiels:
nicht vorhanden
