# sechster Test

# richtige Eingabe, gewinnt Spieler1?

9 9 9 9 9 9 9 9 9
Gewonnene Spiele Spieler1: 100.0%
Verlorene Spiele Spieler1: 0.0%
Beispiel eines von Spieler1 gewonnenen Spiels:
Zug1 , Spieler1 : (9, 9, 9, 9, 9, 9, 9, 9, 9) -> (9, 9, 9, 9, 9, 9, 9, 9, 0)
Zug2 , Spieler2 : (9, 9, 9, 9, 9, 9, 9, 9, 0) -> (9, 9, 9, 9, 9, 8, 9, 9, 0)
Zug3 , Spieler1 : (9, 9, 9, 9, 9, 8, 9, 9, 0) -> (9, 9, 9, 9, 9, 0, 9, 9, 0)
Zug4 , Spieler2 : (9, 9, 9, 9, 9, 0, 9, 9, 0) -> (9, 9, 9, 9, 6, 0, 9, 9, 0)
Zug5 , Spieler1 : (9, 9, 9, 9, 6, 0, 9, 9, 0) -> (9, 9, 9, 9, 0, 0, 9, 9, 0)
Zug6 , Spieler2 : (9, 9, 9, 9, 0, 0, 9, 9, 0) -> (9, 9, 9, 9, 0, 0, 9, 1, 0)
Zug7 , Spieler1 : (9, 9, 9, 9, 0, 0, 9, 1, 0) -> (9, 9, 9, 9, 0, 0, 9, 0, 0)
Zug8 , Spieler2 : (9, 9, 9, 9, 0, 0, 9, 0, 0) -> (9, 9, 9, 9, 0, 0, 6, 0, 0)
Zug9 , Spieler1 : (9, 9, 9, 9, 0, 0, 6, 0, 0) -> (9, 9, 9, 9, 0, 0, 0, 0, 0)
Zug10 , Spieler2 : (9, 9, 9, 9, 0, 0, 0, 0, 0) -> (9, 9, 9, 6, 0, 0, 0, 0, 0)
Zug11 , Spieler1 : (9, 9, 9, 6, 0, 0, 0, 0, 0) -> (9, 9, 9, 0, 0, 0, 0, 0, 0)
Zug12 , Spieler2 : (9, 9, 9, 0, 0, 0, 0, 0, 0) -> (2, 9, 9, 0, 0, 0, 0, 0, 0)
Zug13 , Spieler1 : (2, 9, 9, 0, 0, 0, 0, 0, 0) -> (0, 9, 9, 0, 0, 0, 0, 0, 0)
Zug14 , Spieler2 : (0, 9, 9, 0, 0, 0, 0, 0, 0) -> (0, 9, 5, 0, 0, 0, 0, 0, 0)
Zug15 , Spieler1 : (0, 9, 5, 0, 0, 0, 0, 0, 0) -> (0, 5, 5, 0, 0, 0, 0, 0, 0)
Zug16 , Spieler2 : (0, 5, 5, 0, 0, 0, 0, 0, 0) -> (0, 5, 3, 0, 0, 0, 0, 0, 0)
Zug17 , Spieler1 : (0, 5, 3, 0, 0, 0, 0, 0, 0) -> (0, 3, 3, 0, 0, 0, 0, 0, 0)
Zug18 , Spieler2 : (0, 3, 3, 0, 0, 0, 0, 0, 0) -> (0, 2, 3, 0, 0, 0, 0, 0, 0)
Zug19 , Spieler1 : (0, 2, 3, 0, 0, 0, 0, 0, 0) -> (0, 2, 2, 0, 0, 0, 0, 0, 0)
Zug20 , Spieler2 : (0, 2, 2, 0, 0, 0, 0, 0, 0) -> (0, 2, 0, 0, 0, 0, 0, 0, 0)
Zug21 , Spieler1 : (0, 2, 0, 0, 0, 0, 0, 0, 0) -> (0, 0, 0, 0, 0, 0, 0, 0, 0)
Beispiel eines von Spieler1 verlorenen Spiels:
nicht vorhanden
