# fünfter Test

# richtige Eingabe... gewinnt Spieler1?

1 2 3 4 5 6 7 8 9
Gewonnene Spiele Spieler1: 100.0%
Verlorene Spiele Spieler1: 0.0%
Beispiel eines von Spieler1 gewonnenen Spiels:
Zug1 , Spieler1 : (1, 2, 3, 4, 5, 6, 7, 8, 9) -> (0, 2, 3, 4, 5, 6, 7, 8, 9)
Zug2 , Spieler2 : (0, 2, 3, 4, 5, 6, 7, 8, 9) -> (0, 2, 3, 4, 3, 6, 7, 8, 9)
Zug3 , Spieler1 : (0, 2, 3, 4, 3, 6, 7, 8, 9) -> (0, 0, 3, 4, 3, 6, 7, 8, 9)
Zug4 , Spieler2 : (0, 0, 3, 4, 3, 6, 7, 8, 9) -> (0, 0, 3, 0, 3, 6, 7, 8, 9)
Zug5 , Spieler1 : (0, 0, 3, 0, 3, 6, 7, 8, 9) -> (0, 0, 0, 0, 3, 6, 7, 8, 9)
Zug6 , Spieler2 : (0, 0, 0, 0, 3, 6, 7, 8, 9) -> (0, 0, 0, 0, 3, 2, 7, 8, 9)
Zug7 , Spieler1 : (0, 0, 0, 0, 3, 2, 7, 8, 9) -> (0, 0, 0, 0, 3, 0, 7, 8, 9)
Zug8 , Spieler2 : (0, 0, 0, 0, 3, 0, 7, 8, 9) -> (0, 0, 0, 0, 3, 0, 3, 8, 9)
Zug9 , Spieler1 : (0, 0, 0, 0, 3, 0, 3, 8, 9) -> (0, 0, 0, 0, 0, 0, 3, 8, 9)
Zug10 , Spieler2 : (0, 0, 0, 0, 0, 0, 3, 8, 9) -> (0, 0, 0, 0, 0, 0, 1, 8, 9)
Zug11 , Spieler1 : (0, 0, 0, 0, 0, 0, 1, 8, 9) -> (0, 0, 0, 0, 0, 0, 0, 8, 9)
Zug12 , Spieler2 : (0, 0, 0, 0, 0, 0, 0, 8, 9) -> (0, 0, 0, 0, 0, 0, 0, 8, 7)
Zug13 , Spieler1 : (0, 0, 0, 0, 0, 0, 0, 8, 7) -> (0, 0, 0, 0, 0, 0, 0, 7, 7)
Zug14 , Spieler2 : (0, 0, 0, 0, 0, 0, 0, 7, 7) -> (0, 0, 0, 0, 0, 0, 0, 1, 7)
Zug15 , Spieler1 : (0, 0, 0, 0, 0, 0, 0, 1, 7) -> (0, 0, 0, 0, 0, 0, 0, 1, 1)
Zug16 , Spieler2 : (0, 0, 0, 0, 0, 0, 0, 1, 1) -> (0, 0, 0, 0, 0, 0, 0, 1, 0)
Zug17 , Spieler1 : (0, 0, 0, 0, 0, 0, 0, 1, 0) -> (0, 0, 0, 0, 0, 0, 0, 0, 0)
Beispiel eines von Spieler1 verlorenen Spiels:
nicht vorhanden
